{
  "check": "RECOVERY-12 food-receipt accounting audit",
  "verdict": "PASS",
  "checks": {
    "captureRatioIsOnePerFounder": true,
    "perSeasonCaptureAlwaysComplete": true,
    "receiptCountsReconcile": true,
    "conservationHolds": true,
    "evictionActuallyStressed": true,
    "oldWindowReproducesLoss": true,
    "newAccountingTracksPhysicalReturns": true,
    "freshSeasonCredited": true,
    "accumulatedOnceInSeason": true,
    "zeroHarvestSeasonCreditsZero": true,
    "newHarvestResetsPeriod": true,
    "sameDayPathCredits": true,
    "expeditionPathCredits": true,
    "bothPathsCountedOnce": true,
    "nonFoodReturnsRejected": true,
    "sameDayWiringPresent": true,
    "expeditionWiringPresent": true,
    "ledgerReadsAccumulatorNotWindow": true
  },
  "founders": [
    {
      "founder": "Delta Reed",
      "seasons": 24,
      "seasonsWithHarvest": 24,
      "maxTripsInSeason": 29,
      "evictionSeasons": 9,
      "returnedTotal": 7.6876,
      "creditedTotal": 7.6876,
      "oldWindowTotal": 7.2304,
      "captureRatio": 1,
      "minSeasonCaptureRatio": 1,
      "oldWindowCaptureRatio": 0.9405,
      "worstOldWindowRatio": 0.3674,
      "receiptCountScanned": 254,
      "receiptCountAccumulator": 254,
      "sameDayReturned": 7.6876,
      "expeditionReturned": 0,
      "conservationHolds": true
    },
    {
      "founder": "Green River",
      "seasons": 24,
      "seasonsWithHarvest": 23,
      "maxTripsInSeason": 29,
      "evictionSeasons": 8,
      "returnedTotal": 6.0011,
      "creditedTotal": 6.0011,
      "oldWindowTotal": 5.2204,
      "captureRatio": 1,
      "minSeasonCaptureRatio": 1,
      "oldWindowCaptureRatio": 0.8699,
      "worstOldWindowRatio": 0.1368,
      "receiptCountScanned": 178,
      "receiptCountAccumulator": 178,
      "sameDayReturned": 5.9867,
      "expeditionReturned": 0.0144,
      "conservationHolds": true
    },
    {
      "founder": "Lake Marsh",
      "seasons": 24,
      "seasonsWithHarvest": 22,
      "maxTripsInSeason": 28,
      "evictionSeasons": 7,
      "returnedTotal": 7.5007,
      "creditedTotal": 7.5007,
      "oldWindowTotal": 7.7671,
      "captureRatio": 1,
      "minSeasonCaptureRatio": 1,
      "oldWindowCaptureRatio": 1.0355,
      "worstOldWindowRatio": 0,
      "receiptCountScanned": 216,
      "receiptCountAccumulator": 216,
      "sameDayReturned": 7.5007,
      "expeditionReturned": 0,
      "conservationHolds": true
    },
    {
      "founder": "Pass Edge",
      "seasons": 24,
      "seasonsWithHarvest": 0,
      "maxTripsInSeason": 0,
      "evictionSeasons": 0,
      "returnedTotal": 0,
      "creditedTotal": 0,
      "oldWindowTotal": 5.6832,
      "captureRatio": 1,
      "minSeasonCaptureRatio": 1,
      "oldWindowCaptureRatio": 1,
      "worstOldWindowRatio": 1,
      "receiptCountScanned": 0,
      "receiptCountAccumulator": 0,
      "sameDayReturned": 0,
      "expeditionReturned": 0,
      "conservationHolds": true
    },
    {
      "founder": "Dry Margin",
      "seasons": 24,
      "seasonsWithHarvest": 12,
      "maxTripsInSeason": 28,
      "evictionSeasons": 1,
      "returnedTotal": 1.0787,
      "creditedTotal": 1.0787,
      "oldWindowTotal": 1.0766,
      "captureRatio": 1,
      "minSeasonCaptureRatio": 1,
      "oldWindowCaptureRatio": 0.9981,
      "worstOldWindowRatio": 0.7584,
      "receiptCountScanned": 53,
      "receiptCountAccumulator": 53,
      "sameDayReturned": 1.0766,
      "expeditionReturned": 0.0021,
      "conservationHolds": true
    }
  ],
  "freshness": {
    "accumulatedOnceInSeason": true,
    "freshSeasonCredited": true,
    "firstZeroHarvestSeasonCreditsZero": true,
    "laterZeroHarvestSeasonCreditsZero": true,
    "newHarvestResetsPeriod": true
  },
  "paths": {
    "sameDayCredited": true,
    "expeditionCredited": true,
    "bothCountedOnce": true,
    "nonFoodRejected": true
  },
  "wiring": {
    "sameDayDeposits": true,
    "expeditionDeposits": true,
    "ledgerReadsAccumulatorNotWindow": true
  }
}
