{
  "check": "RECOVERY-12 food-receipt accounting audit",
  "verdict": "PASS",
  "checks": {
    "captureRatioIsOnePerFounder": true,
    "perSeasonCaptureAlwaysComplete": true,
    "receiptCountsReconcile": true,
    "conservationHolds": true,
    "evictionActuallyStressed": true,
    "oldWindowReproducesLoss": true,
    "newAccountingTracksPhysicalReturns": true,
    "freshSeasonCredited": true,
    "accumulatedOnceInSeason": true,
    "zeroHarvestSeasonCreditsZero": true,
    "newHarvestResetsPeriod": true,
    "sameDayPathCredits": true,
    "expeditionPathCredits": true,
    "bothPathsCountedOnce": true,
    "nonFoodReturnsRejected": true,
    "sameDayWiringPresent": true,
    "expeditionWiringPresent": true,
    "ledgerReadsAccumulatorNotWindow": true
  },
  "founders": [
    {
      "founder": "Delta Reed",
      "seasons": 24,
      "seasonsWithHarvest": 22,
      "maxTripsInSeason": 28,
      "evictionSeasons": 14,
      "returnedTotal": 8.8928,
      "creditedTotal": 8.8928,
      "oldWindowTotal": 7.5336,
      "captureRatio": 1,
      "minSeasonCaptureRatio": 1,
      "oldWindowCaptureRatio": 0.8472,
      "worstOldWindowRatio": 0.17,
      "receiptCountScanned": 268,
      "receiptCountAccumulator": 268,
      "sameDayReturned": 8.8928,
      "expeditionReturned": 0,
      "conservationHolds": true
    },
    {
      "founder": "Green River",
      "seasons": 24,
      "seasonsWithHarvest": 24,
      "maxTripsInSeason": 29,
      "evictionSeasons": 22,
      "returnedTotal": 6.9033,
      "creditedTotal": 6.9033,
      "oldWindowTotal": 5.0766,
      "captureRatio": 1,
      "minSeasonCaptureRatio": 1,
      "oldWindowCaptureRatio": 0.7354,
      "worstOldWindowRatio": 0,
      "receiptCountScanned": 236,
      "receiptCountAccumulator": 236,
      "sameDayReturned": 6.8891,
      "expeditionReturned": 0.0142,
      "conservationHolds": true
    },
    {
      "founder": "Lake Marsh",
      "seasons": 24,
      "seasonsWithHarvest": 22,
      "maxTripsInSeason": 28,
      "evictionSeasons": 13,
      "returnedTotal": 6.2027,
      "creditedTotal": 6.2027,
      "oldWindowTotal": 5.3494,
      "captureRatio": 1,
      "minSeasonCaptureRatio": 1,
      "oldWindowCaptureRatio": 0.8624,
      "worstOldWindowRatio": 0.1607,
      "receiptCountScanned": 217,
      "receiptCountAccumulator": 217,
      "sameDayReturned": 6.2027,
      "expeditionReturned": 0,
      "conservationHolds": true
    },
    {
      "founder": "Pass Edge",
      "seasons": 24,
      "seasonsWithHarvest": 24,
      "maxTripsInSeason": 23,
      "evictionSeasons": 0,
      "returnedTotal": 2.5403,
      "creditedTotal": 2.5403,
      "oldWindowTotal": 2.5403,
      "captureRatio": 1,
      "minSeasonCaptureRatio": 1,
      "oldWindowCaptureRatio": 1,
      "worstOldWindowRatio": 1,
      "receiptCountScanned": 98,
      "receiptCountAccumulator": 98,
      "sameDayReturned": 2.46,
      "expeditionReturned": 0.0803,
      "conservationHolds": true
    },
    {
      "founder": "Dry Margin",
      "seasons": 24,
      "seasonsWithHarvest": 19,
      "maxTripsInSeason": 23,
      "evictionSeasons": 0,
      "returnedTotal": 1.5451,
      "creditedTotal": 1.5451,
      "oldWindowTotal": 1.8115,
      "captureRatio": 1,
      "minSeasonCaptureRatio": 1,
      "oldWindowCaptureRatio": 1.1724,
      "worstOldWindowRatio": 1,
      "receiptCountScanned": 72,
      "receiptCountAccumulator": 72,
      "sameDayReturned": 1.5451,
      "expeditionReturned": 0,
      "conservationHolds": true
    }
  ],
  "freshness": {
    "accumulatedOnceInSeason": true,
    "freshSeasonCredited": true,
    "firstZeroHarvestSeasonCreditsZero": true,
    "laterZeroHarvestSeasonCreditsZero": true,
    "newHarvestResetsPeriod": true
  },
  "paths": {
    "sameDayCredited": true,
    "expeditionCredited": true,
    "bothCountedOnce": true,
    "nonFoodRejected": true
  },
  "wiring": {
    "sameDayDeposits": true,
    "expeditionDeposits": true,
    "ledgerReadsAccumulatorNotWindow": true
  }
}
