
> emergent-civilization-simulation@0.1.0 sim:benchmark
> node scripts/simBenchmark.mjs --targeted-adaptive-efficacy-check

{
  "suite": "targeted_adaptive_efficacy_check",
  "checkpoint": "ADAPTIVE-EFFICACY-FEEDBACK-1",
  "passed": true,
  "assertions": {
    "success_is_specific_clear": true,
    "success_response_was_active": true,
    "success_effect_capped": true,
    "success_strengthens_future_matching_influence": true,
    "success_practice_evidence_grew": true,
    "blocked_crossing_is_failure": true,
    "danger_rise_is_dangerous_feedback": true,
    "serious_risk_is_dangerous_feedback": true,
    "irrelevant_movement_no_credit": true,
    "irrelevant_movement_exposes_dormant_practice": true,
    "context_mismatch_blocks_confidence": true,
    "load_limits_make_partial": true,
    "staged_incomplete_makes_partial": true,
    "first_use_no_practice_credit": true,
    "generic_fallback_when_no_context": true,
    "camp_shift_clear_when_wear_falls": true,
    "camp_shift_partial_on_small_drop": true,
    "camp_shift_no_drop_no_credit": true,
    "camp_travel_move_is_irrelevant": true,
    "camp_stay_earns_no_credit": true,
    "camp_comfortable_falls_back_to_generic": true,
    "variety_outcomes_diverge": true,
    "unit_battery_deterministic": true,
    "live_no_unearned_route_crossing_clear_success": true,
    "live_records_internally_consistent": true,
    "live_no_decorative_camp_care_stay_success": true
  },
  "unit": {
    "success": {
      "family": "route_crossing",
      "coefficient": "riverCrossingRisk",
      "effectCap": 0.35,
      "localityNote": "practice is per-ford: relief exists only at this crossing key, capped, danger-discounted, and perishes without use",
      "responseActive": true,
      "contextKey": "tile:10|tile:11",
      "preEffectValue": 0.4,
      "effectAmount": 0.28,
      "dangerDelta": -0.01,
      "practiceDelta": 0.1,
      "classification": "clear_success_specific",
      "outcome": "clear_success",
      "reason": "practiced relief at this ford measurably cut the crossing risk paid (−0.11 of 0.40) and the crossing completed"
    },
    "reliefBefore": 0.28,
    "reliefAfter": 0.3,
    "blocked": {
      "family": "route_crossing",
      "coefficient": "riverCrossingRisk",
      "effectCap": 0.35,
      "localityNote": "practice is per-ford: relief exists only at this crossing key, capped, danger-discounted, and perishes without use",
      "classification": "failure_or_danger_specific",
      "outcome": "blocked_before_attempt",
      "responseActive": true,
      "contextKey": "tile:10|tile:11",
      "preEffectValue": 0.4,
      "effectAmount": 0.28,
      "dangerDelta": 0,
      "practiceDelta": 0,
      "reason": "practice was active but the crossing stayed blocked — no feasibility gained"
    },
    "danger": {
      "family": "route_crossing",
      "coefficient": "riverCrossingRisk",
      "effectCap": 0.35,
      "localityNote": "practice is per-ford: relief exists only at this crossing key, capped, danger-discounted, and perishes without use",
      "responseActive": true,
      "contextKey": "tile:10|tile:11",
      "preEffectValue": 0.4,
      "effectAmount": 0.28,
      "dangerDelta": 0.15,
      "practiceDelta": 0,
      "classification": "failure_or_danger_specific",
      "outcome": "dangerous_feedback",
      "reason": "crossing completed but remembered danger rose (+0.15) at this ford"
    },
    "seriousRisk": {
      "family": "route_crossing",
      "coefficient": "riverCrossingRisk",
      "effectCap": 0.35,
      "localityNote": "practice is per-ford: relief exists only at this crossing key, capped, danger-discounted, and perishes without use",
      "responseActive": true,
      "contextKey": "tile:10|tile:11",
      "preEffectValue": 0.85,
      "effectAmount": 0.28,
      "dangerDelta": -0.01,
      "practiceDelta": 0.1,
      "classification": "failure_or_danger_specific",
      "outcome": "dangerous_feedback",
      "reason": "crossing completed but serious matching risk (0.60) was paid"
    },
    "irrelevant": {
      "family": "route_crossing",
      "coefficient": "riverCrossingRisk",
      "effectCap": 0.35,
      "localityNote": "practice is per-ford: relief exists only at this crossing key, capped, danger-discounted, and perishes without use",
      "classification": "irrelevant_movement",
      "outcome": "low_feedback",
      "responseActive": false,
      "preEffectValue": 0.4,
      "effectAmount": 0,
      "dangerDelta": 0,
      "practiceDelta": 0,
      "reason": "band relocated without using a crossing — practice at tile:10|tile:11 stayed unused (dormant)"
    },
    "mismatch": {
      "family": "route_crossing",
      "coefficient": "riverCrossingRisk",
      "effectCap": 0.35,
      "localityNote": "practice is per-ford: relief exists only at this crossing key, capped, danger-discounted, and perishes without use",
      "responseActive": false,
      "contextKey": "tile:30|tile:31",
      "preEffectValue": 0.4,
      "effectAmount": 0,
      "dangerDelta": 0,
      "practiceDelta": 0.5,
      "classification": "context_mismatch",
      "outcome": "mixed_feedback",
      "reason": "remembered practice belongs to tile:10|tile:11 (relief 0.28), not this crossing — locally untested here, no confident gain"
    },
    "partialLoad": {
      "family": "route_crossing",
      "coefficient": "riverCrossingRisk",
      "effectCap": 0.35,
      "localityNote": "practice is per-ford: relief exists only at this crossing key, capped, danger-discounted, and perishes without use",
      "responseActive": true,
      "contextKey": "tile:10|tile:11",
      "preEffectValue": 0.4,
      "effectAmount": 0.28,
      "dangerDelta": -0.01,
      "practiceDelta": 0.1,
      "classification": "partial_success_specific",
      "outcome": "partial_success",
      "reason": "practiced relief helped (risk −0.11) but limits remained: many dependents/elders"
    },
    "partialStaged": {
      "family": "route_crossing",
      "coefficient": "riverCrossingRisk",
      "effectCap": 0.35,
      "localityNote": "practice is per-ford: relief exists only at this crossing key, capped, danger-discounted, and perishes without use",
      "responseActive": true,
      "contextKey": "tile:10|tile:11",
      "preEffectValue": 0.4,
      "effectAmount": 0.28,
      "dangerDelta": -0.01,
      "practiceDelta": 0.1,
      "classification": "partial_success_specific",
      "outcome": "partial_success",
      "reason": "practiced relief helped (risk −0.11) but limits remained: the larger staged journey remains incomplete"
    },
    "firstUse": {
      "family": "route_crossing",
      "coefficient": "riverCrossingRisk",
      "effectCap": 0.35,
      "localityNote": "practice is per-ford: relief exists only at this crossing key, capped, danger-discounted, and perishes without use",
      "responseActive": false,
      "contextKey": "tile:10|tile:11",
      "preEffectValue": 0.4,
      "effectAmount": 0,
      "dangerDelta": 0,
      "practiceDelta": 0.5,
      "classification": "matching_use_without_practice",
      "outcome": "local_only_success",
      "reason": "crossing completed without practiced relief — real local experience, no practice credit"
    },
    "campClear": {
      "family": "camp_care",
      "coefficient": "localUsePressure",
      "effectCap": 1,
      "localityNote": "camp-care credit is per-shift and local: it exists only when the residence wear signal it addressed actually fell",
      "dangerDelta": 0,
      "practiceDelta": 0,
      "preEffectValue": 0.5,
      "classification": "clear_success_specific",
      "outcome": "clear_success",
      "responseActive": true,
      "effectAmount": 0.2,
      "reason": "local camp shift dropped the residence wear signal by 0.20"
    },
    "campPartial": {
      "family": "camp_care",
      "coefficient": "localUsePressure",
      "effectCap": 1,
      "localityNote": "camp-care credit is per-shift and local: it exists only when the residence wear signal it addressed actually fell",
      "dangerDelta": 0,
      "practiceDelta": 0,
      "preEffectValue": 0.5,
      "classification": "partial_success_specific",
      "outcome": "partial_success",
      "responseActive": true,
      "effectAmount": 0.08,
      "reason": "local camp shift eased the wear signal (−0.08) but wear pressure remains"
    },
    "campNoDrop": {
      "family": "camp_care",
      "coefficient": "localUsePressure",
      "effectCap": 1,
      "localityNote": "camp-care credit is per-shift and local: it exists only when the residence wear signal it addressed actually fell",
      "dangerDelta": 0,
      "practiceDelta": 0,
      "preEffectValue": 0.5,
      "classification": "low_or_no_feedback_specific",
      "outcome": "low_feedback",
      "responseActive": true,
      "effectAmount": 0.02,
      "reason": "camp shifted but the wear signal did not measurably fall — no camp-care credit"
    },
    "campTravel": {
      "family": "camp_care",
      "coefficient": "localUsePressure",
      "effectCap": 1,
      "localityNote": "camp-care credit is per-shift and local: it exists only when the residence wear signal it addressed actually fell",
      "dangerDelta": 0,
      "practiceDelta": 0,
      "preEffectValue": 0.5,
      "classification": "irrelevant_movement",
      "outcome": "low_feedback",
      "responseActive": false,
      "effectAmount": 0,
      "reason": "the band travelled for a seasonal motive — not a camp-care shift; no credit"
    },
    "campStay": {
      "family": "camp_care",
      "coefficient": "localUsePressure",
      "effectCap": 1,
      "localityNote": "camp-care credit is per-shift and local: it exists only when the residence wear signal it addressed actually fell",
      "dangerDelta": 0,
      "practiceDelta": 0,
      "preEffectValue": 0.5,
      "classification": "low_or_no_feedback_specific",
      "outcome": "low_feedback",
      "responseActive": false,
      "effectAmount": 0,
      "reason": "band stayed through camp wear — rest does not reduce the wear signal; no camp-care credit"
    },
    "varietyOutcomes": {
      "trustsPracticedFord": {
        "family": "route_crossing",
        "coefficient": "riverCrossingRisk",
        "effectCap": 0.35,
        "localityNote": "practice is per-ford: relief exists only at this crossing key, capped, danger-discounted, and perishes without use",
        "responseActive": true,
        "contextKey": "tile:10|tile:11",
        "preEffectValue": 0.4,
        "effectAmount": 0.28,
        "dangerDelta": -0.01,
        "practiceDelta": 0.1,
        "classification": "clear_success_specific",
        "outcome": "clear_success",
        "reason": "practiced relief at this ford measurably cut the crossing risk paid (−0.11 of 0.40) and the crossing completed"
      },
      "burnedByDanger": {
        "family": "route_crossing",
        "coefficient": "riverCrossingRisk",
        "effectCap": 0.35,
        "localityNote": "practice is per-ford: relief exists only at this crossing key, capped, danger-discounted, and perishes without use",
        "responseActive": true,
        "contextKey": "tile:10|tile:11",
        "preEffectValue": 0.4,
        "effectAmount": 0.28,
        "dangerDelta": 0.15,
        "practiceDelta": 0,
        "classification": "failure_or_danger_specific",
        "outcome": "dangerous_feedback",
        "reason": "crossing completed but remembered danger rose (+0.15) at this ford"
      },
      "neverCrosses": {
        "family": "route_crossing",
        "coefficient": "riverCrossingRisk",
        "effectCap": 0.35,
        "localityNote": "practice is per-ford: relief exists only at this crossing key, capped, danger-discounted, and perishes without use",
        "classification": "irrelevant_movement",
        "outcome": "low_feedback",
        "responseActive": false,
        "preEffectValue": 0.4,
        "effectAmount": 0,
        "dangerDelta": 0,
        "practiceDelta": 0,
        "reason": "band relocated without using a crossing — movement success is not crossing evidence"
      },
      "practiceDormantPrefersDryLand": {
        "family": "route_crossing",
        "coefficient": "riverCrossingRisk",
        "effectCap": 0.35,
        "localityNote": "practice is per-ford: relief exists only at this crossing key, capped, danger-discounted, and perishes without use",
        "classification": "irrelevant_movement",
        "outcome": "low_feedback",
        "responseActive": false,
        "preEffectValue": 0.4,
        "effectAmount": 0,
        "dangerDelta": 0,
        "practiceDelta": 0,
        "reason": "band relocated without using a crossing — practice at tile:10|tile:11 stayed unused (dormant)"
      },
      "partialUnderLoad": {
        "family": "route_crossing",
        "coefficient": "riverCrossingRisk",
        "effectCap": 0.35,
        "localityNote": "practice is per-ford: relief exists only at this crossing key, capped, danger-discounted, and perishes without use",
        "responseActive": true,
        "contextKey": "tile:10|tile:11",
        "preEffectValue": 0.4,
        "effectAmount": 0.28,
        "dangerDelta": -0.01,
        "practiceDelta": 0.1,
        "classification": "partial_success_specific",
        "outcome": "partial_success",
        "reason": "practiced relief helped (risk −0.11) but limits remained: many dependents/elders"
      }
    }
  },
  "live": {
    "scenario": "harsh_dry_margin",
    "years": 40,
    "totalBands": 5,
    "bandsWithEfficacyRecords": 0,
    "totalRecords": 0,
    "classificationCounts": {},
    "scoutProbeClearSuccessWithoutSpecificRecord": 0,
    "inconsistentRecords": 0,
    "campCareStayLocalOnlySuccess": 0
  }
}
