PASS B005 exhausted static winner yields to healthy represented overlap
PASS B005 all exhausted / no geography / predator / activity refusal
PASS B005 explicit exhausted/absent source never redirects
PASS B005 stable identity tie and repeat/overlapping geography depletion
PASS B005 seasonal availability retains lean floor; ineligible activity takes nothing
PASS B006 original food-only state launches valid distant gathering
PASS B006 higher-scoring nonfood cannot erase food retrieval or launch
PASS B006 nonfood-only / missing target / tied foods; other task families remain eligible
PASS B007 Map2 all exact scout IDs belong to canonical physical top three
PASS B005 returned trace identity agrees with actual chosen take/depletion
PASS B005 preview evaluates availability without mutating any source
PASS B006 no candidates without observed bootstrap evidence
PASS B006 stale food preserves the same selection/worth gates with nonfood added
PASS B006 contradicted/recent-empty food retains candidate but fails the unchanged worth gate
PASS B006 recent local empty visit still suppresses retrieval
PASS B006 low remembered value remains selectable but cannot launch food work
PASS B006 disconnected physical route is refused
PASS B006 known food selection is independent of hidden stock; absent physical take is zero
PASS B007 material-dominated original witness cannot mint excluded leaf identity
PASS B007 physical reader / observation ordering is identical and readonly
PASS B007 uncertain/no visible relevant patch does not fabricate an exact ID
PASS B007 low visibility preserves uncertainty; exact IDs only when justified
PASS B007 historical false identity is not silently rewritten by physical readers
PASS B007 actual observation writes confirmation through canonical knowledge; no food/body/skill grant
PASS B007 stale confident memory can be contradicted only by new observation
PASS production bytes preserved
{"audit":"DIAG1 Phase3 opportunity","mutant":"none","pass":true,"passed":26,"total":26,"failed":[]}
