{
  "check": "EXPEDITION-LIFECYCLE-1",
  "verdict": "FAIL",
  "canonicalSampling": "daily",
  "years": 40,
  "checks": {
    "registryBoundaryIsOrderedAndAcyclic": true,
    "sameDayVsExpeditionBoundaryIsDurationBased": true,
    "expeditionsLaunchNaturally": true,
    "outboundLegIsPhysical": true,
    "targetWorkOccurs": true,
    "returnLegIsPhysical": true,
    "travelTakesDays": true,
    "noTeleportPositionAlwaysOnRoute": true,
    "noFoodBeforePhysicalReturn": true,
    "laborNeverOverCommitted": true,
    "provisionsAreConsumed": true,
    "returnedCargoBecomesFood": true,
    "terminalOutcomesRecorded": true,
    "activeExpeditionsBounded": true,
    "outcomeRecordsBounded": true,
    "routeLengthBounded": false,
    "deterministicExpeditionIdentities": true,
    "personConserved": true,
    "operatingObservedNonVacuously": true,
    "returningObservedNonVacuously": true,
    "taskCampObservedNonVacuously": true
  },
  "durationBoundary": {
    "oneTile": {
      "outboundTravelDays": 0.2670157068062828,
      "activityDays": 0.25,
      "returnTravelDays": 0.2670157068062828,
      "totalDays": 0.7840314136125657,
      "durationDays": 1,
      "sameDay": true,
      "kmPerTravelDay": 6.685
    },
    "fourTiles": {
      "outboundTravelDays": 0.849663425579656,
      "activityDays": 0.25,
      "returnTravelDays": 0.849663425579656,
      "totalDays": 1.949326851159312,
      "durationDays": 2,
      "sameDay": false,
      "kmPerTravelDay": 6.685
    },
    "fiveTiles": {
      "outboundTravelDays": 1.0276738967838446,
      "activityDays": 0.25,
      "returnTravelDays": 1.0276738967838446,
      "totalDays": 2.305347793567689,
      "durationDays": 3,
      "sameDay": false,
      "kmPerTravelDay": 6.685
    },
    "tenTiles": {
      "outboundTravelDays": 1.9184741959611074,
      "activityDays": 0.25,
      "returnTravelDays": 1.918474195961107,
      "totalDays": 4.086948391922214,
      "durationDays": 5,
      "sameDay": false,
      "kmPerTravelDay": 6.685
    }
  },
  "observed": {
    "launched": 486,
    "completed": 479,
    "aborted": 0,
    "lost": 7,
    "depositsWithFood": 45,
    "informationOnly": 441,
    "maxActivePerBand": 2,
    "maxOutcomeRecords": 6,
    "maxRouteTiles": 105,
    "sawPrepared": false,
    "sawOutbound": true,
    "sawOperating": true,
    "sawReturning": true,
    "sawTaskCamp": true,
    "sawConcurrentParties": true,
    "phaseDays": {
      "prepared": 0,
      "outbound": 1226,
      "operating": 528,
      "returning": 1220
    },
    "taskCampDays": 738,
    "samples": 14400,
    "travelDaysSeen": 24,
    "provisionsConsumed": 7.129200000000007,
    "cargoLost": 0,
    "laborOverCommitViolations": 0,
    "positionOffRouteViolations": 0,
    "personConservationViolations": 0,
    "receiptsBeforeReturn": 0,
    "deliveredUnits": 4.5722,
    "outcomeReasons": {
      "returned_information_only": 320,
      "frontier_barrier_blocked": 31,
      "frontier_return_budget_reached": 22,
      "party_lost": 7,
      "verification_confirmed": 28,
      "seasonally_inactive": 13,
      "returned_with_cargo": 45,
      "physically_exhausted": 20
    }
  },
  "boundaryBlindness": {
    "sampling": {
      "daily": 14400,
      "seasonal": 160
    },
    "operating": {
      "daily": 528,
      "seasonal": 0
    },
    "returning": {
      "daily": 1220,
      "seasonal": 0
    },
    "taskCampDays": {
      "daily": 738,
      "seasonal": 0
    },
    "sawOperating": {
      "daily": true,
      "seasonal": false
    },
    "sawReturning": {
      "daily": true,
      "seasonal": false
    },
    "sawTaskCamp": {
      "daily": true,
      "seasonal": false
    },
    "sawConcurrentParties": {
      "daily": true,
      "seasonal": false
    },
    "interpretation": "An expedition's whole lifecycle fits inside a season (EXPEDITION_MAX_DURATION_DAYS = 24 of 90), so a boundary sample can only ever catch a party that happens to straddle the boundary. The daily arm is canonical; the seasonal arm is retained to show why."
  }
}
